#-----------------------------------------------------------
# Vivado v2018.3 (64-bit)
# SW Build 2405991 on Thu Dec  6 23:38:27 MST 2018
# IP Build 2404404 on Fri Dec  7 01:43:56 MST 2018
# Start of session at: Wed Nov 13 16:56:47 2019
# Process ID: 11768
# Current directory: C:/Users/gyz/Desktop/ddrtovga/fmc_input/my_ddr_to_vga
# Command line: vivado.exe -gui_launcher_event rodinguilauncherevent11644 C:\Users\gyz\Desktop\ddrtovga\fmc_input\my_ddr_to_vga\my_ddr_to_vga.xpr
# Log file: C:/Users/gyz/Desktop/ddrtovga/fmc_input/my_ddr_to_vga/vivado.log
# Journal file: C:/Users/gyz/Desktop/ddrtovga/fmc_input/my_ddr_to_vga\vivado.jou
#-----------------------------------------------------------
start_gui
open_project C:/Users/gyz/Desktop/ddrtovga/fmc_input/my_ddr_to_vga/my_ddr_to_vga.xpr
update_compile_order -fileset sources_1
open_hw
connect_hw_server
open_hw_target
set_property PROGRAM.FILE {C:/Users/gyz/Desktop/ddrtovga/fmc_input/my_ddr_to_vga/my_ddr_to_vga.runs/impl_1/ddrtovga_top.bit} [get_hw_devices xc7k325t_0]
set_property PROBES.FILE {C:/Users/gyz/Desktop/ddrtovga/fmc_input/my_ddr_to_vga/my_ddr_to_vga.runs/impl_1/ddrtovga_top.ltx} [get_hw_devices xc7k325t_0]
set_property FULL_PROBES.FILE {C:/Users/gyz/Desktop/ddrtovga/fmc_input/my_ddr_to_vga/my_ddr_to_vga.runs/impl_1/ddrtovga_top.ltx} [get_hw_devices xc7k325t_0]
current_hw_device [get_hw_devices xc7k325t_0]
refresh_hw_device [lindex [get_hw_devices xc7k325t_0] 0]
set_property PROBES.FILE {C:/Users/gyz/Desktop/ddrtovga/fmc_input/my_ddr_to_vga/my_ddr_to_vga.runs/impl_1/ddrtovga_top.ltx} [get_hw_devices xc7k325t_0]
set_property FULL_PROBES.FILE {C:/Users/gyz/Desktop/ddrtovga/fmc_input/my_ddr_to_vga/my_ddr_to_vga.runs/impl_1/ddrtovga_top.ltx} [get_hw_devices xc7k325t_0]
set_property PROGRAM.FILE {C:/Users/gyz/Desktop/ddrtovga/fmc_input/my_ddr_to_vga/my_ddr_to_vga.runs/impl_1/ddrtovga_top.bit} [get_hw_devices xc7k325t_0]
program_hw_devices [get_hw_devices xc7k325t_0]
refresh_hw_device [lindex [get_hw_devices xc7k325t_0] 0]
display_hw_ila_data [ get_hw_ila_data hw_ila_data_1 -of_objects [get_hw_ilas -of_objects [get_hw_devices xc7k325t_0] -filter {CELL_NAME=~"u_ila_0"}]]
set_property CAPTURE_COMPARE_VALUE eq1'b1 [get_hw_probes rd_data_valid -of_objects [get_hw_ilas -of_objects [get_hw_devices xc7k325t_0] -filter {CELL_NAME=~"u_ila_0"}]]
run_hw_ila [get_hw_ilas -of_objects [get_hw_devices xc7k325t_0] -filter {CELL_NAME=~"u_ila_0"}] -trigger_now
wait_on_hw_ila [get_hw_ilas -of_objects [get_hw_devices xc7k325t_0] -filter {CELL_NAME=~"u_ila_0"}]
display_hw_ila_data [upload_hw_ila_data [get_hw_ilas -of_objects [get_hw_devices xc7k325t_0] -filter {CELL_NAME=~"u_ila_0"}]]
run_hw_ila [get_hw_ilas -of_objects [get_hw_devices xc7k325t_0] -filter {CELL_NAME=~"u_ila_0"}]
wait_on_hw_ila -timeout 0 [get_hw_ilas -of_objects [get_hw_devices xc7k325t_0] -filter {CELL_NAME=~"u_ila_0"}]
display_hw_ila_data [upload_hw_ila_data [get_hw_ilas -of_objects [get_hw_devices xc7k325t_0] -filter {CELL_NAME=~"u_ila_0"}]]
run_hw_ila [get_hw_ilas -of_objects [get_hw_devices xc7k325t_0] -filter {CELL_NAME=~"u_ila_0"}]
wait_on_hw_ila -timeout 0 [get_hw_ilas -of_objects [get_hw_devices xc7k325t_0] -filter {CELL_NAME=~"u_ila_0"}]
display_hw_ila_data [upload_hw_ila_data [get_hw_ilas -of_objects [get_hw_devices xc7k325t_0] -filter {CELL_NAME=~"u_ila_0"}]]
write_hw_ila_data -csv_file {C:\Users\gyz\Desktop\iladata.csv} hw_ila_data_1
run_hw_ila [get_hw_ilas -of_objects [get_hw_devices xc7k325t_0] -filter {CELL_NAME=~"u_ila_0"}]
wait_on_hw_ila -timeout 0 [get_hw_ilas -of_objects [get_hw_devices xc7k325t_0] -filter {CELL_NAME=~"u_ila_0"}]
display_hw_ila_data [upload_hw_ila_data [get_hw_ilas -of_objects [get_hw_devices xc7k325t_0] -filter {CELL_NAME=~"u_ila_0"}]]
write_hw_ila_data -csv_file -force {C:\Users\gyz\Desktop\iladata.csv} hw_ila_data_1
save_wave_config {C:/Users/gyz/Desktop/ddrtovga/fmc_input/my_ddr_to_vga/my_ddr_to_vga.hw/hw_1/wave/hw_ila_data_1/hw_ila_data_1.wcfg}
close_hw
